2026-08-18 01:07:12 无新留言。
2026-08-18 01:07:34 无新留言。
2026-08-18 01:10:21 已启动推送守护进程 PID=21175
2026-08-18 01:10:21 守护进程启动，每 15 秒轮询一次。
2026-08-18 01:10:23 无新留言。
2026-08-18 01:10:50 已启动推送守护进程 PID=21254
2026-08-18 01:10:50 守护进程启动，每 15 秒轮询一次。
2026-08-18 01:10:52 无新留言。
2026-08-18 01:11:31 守护进程启动，每 15 秒轮询一次。
2026-08-18 01:11:31 守护进程启动，每 15 秒轮询一次。
usage: push_watchdog.py [-h] [--once] [--since SINCE]
push_watchdog.py: error: unrecognized arguments: --daemon
2026-08-18 01:11:32 已启动推送守护进程 PID=?
2026-08-18 01:11:59 守护进程启动，每 15 秒轮询一次。
2026-08-18 01:12:01 无新留言。
2026-08-18 01:12:22 无新留言。
2026-08-18 01:12:41 无新留言。
2026-08-18 01:13:00 无新留言。
2026-08-18 01:13:16 无新留言。
2026-08-18 01:13:36 无新留言。
2026-08-18 01:13:53 无新留言。
2026-08-18 01:14:13 无新留言。
2026-08-18 01:14:33 无新留言。
2026-08-18 01:14:50 ⚠️ 基线读取失败（忽略，继续）: Remote end closed connection without response
2026-08-18 01:14:52 无新留言。
2026-08-18 01:15:08 无新留言。
2026-08-18 01:15:25 无新留言。
2026-08-18 01:15:43 无新留言。
2026-08-18 01:16:01 无新留言。
2026-08-18 01:16:28 无新留言。
2026-08-18 01:16:51 无新留言。
2026-08-18 01:17:13 无新留言。
2026-08-18 01:17:33 无新留言。
2026-08-18 01:11:59 守护进程启动，每 15 秒轮询一次。
2026-08-18 01:12:01 无新留言。
2026-08-18 01:12:22 无新留言。
2026-08-18 01:12:41 无新留言。
2026-08-18 01:13:00 无新留言。
2026-08-18 01:13:16 无新留言。
2026-08-18 01:13:36 无新留言。
2026-08-18 01:13:53 无新留言。
2026-08-18 01:14:13 无新留言。
2026-08-18 01:14:33 无新留言。
2026-08-18 01:14:50 ⚠️ 基线读取失败（忽略，继续）: Remote end closed connection without response
2026-08-18 01:14:52 无新留言。
2026-08-18 01:15:08 无新留言。
2026-08-18 01:15:25 无新留言。
2026-08-18 01:15:43 无新留言。
2026-08-18 01:16:01 无新留言。
2026-08-18 01:16:28 无新留言。
2026-08-18 01:16:51 无新留言。
2026-08-18 01:17:13 无新留言。
2026-08-18 01:17:33 无新留言。
[safe-delete][SAFE_DELETE_BULK_CONFIRM_REQUIRED] {"count":13182,"threshold":50,"scope":"turn","targets":["/Users/chenbangjie/WorkBuddy/PMApp/pwa/.push_watchdog.lock"],"targetCount":1}
2026-08-18 01:18:47 守护进程启动，每 15 秒轮询一次。
2026-08-18 01:18:47 上一轮仍在运行，跳过本轮。
2026-08-18 01:19:02 上一轮仍在运行，跳过本轮。
2026-08-18 01:19:17 上一轮仍在运行，跳过本轮。
2026-08-18 01:19:32 上一轮仍在运行，跳过本轮。
2026-08-18 01:19:47 上一轮仍在运行，跳过本轮。
2026-08-18 01:20:02 上一轮仍在运行，跳过本轮。
2026-08-18 01:20:17 上一轮仍在运行，跳过本轮。
2026-08-18 01:20:32 上一轮仍在运行，跳过本轮。
2026-08-18 01:21:34 无新留言。
2026-08-18 01:24:27 守护进程启动，每 15 秒轮询一次。
2026-08-18 01:24:28 已启动推送守护进程 PID=22299
2026-08-18 01:24:28 无新留言。
2026-08-18 01:24:45 无新留言。
2026-08-18 01:25:02 无新留言。
2026-08-18 01:25:19 无新留言。
2026-08-18 01:25:36 无新留言。
2026-08-18 01:25:54 无新留言。
2026-08-18 01:26:11 无新留言。
2026-08-18 01:26:28 无新留言。
2026-08-18 01:26:45 无新留言。
2026-08-18 01:26:48 守护进程启动，每 15 秒轮询一次。
2026-08-18 01:26:49 已启动推送守护进程 PID=22480
2026-08-18 01:26:50 首轮基线建立完成：已标记 4 条历史留言。
2026-08-18 01:26:51 无新留言。
2026-08-18 01:27:07 首轮基线建立完成：已标记 5 条历史留言。
2026-08-18 01:27:08 无新留言。
2026-08-18 01:27:24 首轮基线建立完成：已标记 5 条历史留言。
2026-08-18 01:27:25 无新留言。
2026-08-18 01:27:41 首轮基线建立完成：已标记 5 条历史留言。
2026-08-18 01:27:43 无新留言。
2026-08-18 01:27:49 守护进程启动，每 15 秒轮询一次。
2026-08-18 01:27:50 首轮基线建立完成：已标记 4 条历史留言。
2026-08-18 01:27:50 已启动推送守护进程 PID=22591
2026-08-18 01:28:09 ✓ 新留言推送 系统测试: 自动推送验证3-最终... → 成功 1/1
2026-08-18 01:32:39 ✓ 新留言推送 陈邦杰: 留言测试4... → 成功 1/1
2026-08-18 01:33:30 ✓ 新留言推送 陈邦杰: 留言测试5... → 成功 1/1
2026-08-18 01:27:49 守护进程启动，每 15 秒轮询一次。
2026-08-18 01:27:50 首轮基线建立完成：已标记 4 条历史留言。
2026-08-18 01:28:09 ✓ 新留言推送 系统测试: 自动推送验证3-最终... → 成功 1/1
2026-08-18 01:32:39 ✓ 新留言推送 陈邦杰: 留言测试4... → 成功 1/1
2026-08-18 01:33:30 ✓ 新留言推送 陈邦杰: 留言测试5... → 成功 1/1
[safe-delete][SAFE_DELETE_BULK_CONFIRM_REQUIRED] {"count":50,"threshold":50,"scope":"turn","targets":["/Users/chenbangjie/WorkBuddy/PMApp/pwa/.push_watchdog.lock"],"targetCount":1}
